// Jest Snapshot v1, https://goo.gl/fbAQLP

exports[`modelSignUp throw an error when no activation token was found 1`] = `"Error: MOCKED_ERROR"`;
