// Jest Snapshot v1, https://goo.gl/fbAQLP

exports[`modelSignUp throw an error when no email has been found 1`] = `"Error: ERROR_USER_NOT_FOUND"`;
